
> @modular/utils@0.1.0 lint /mnt/d/wei/packages/utils
> eslint src --ext .ts


Oops! Something went wrong! :(

ESLint: 8.57.1

Error: Cannot read config file: /mnt/d/wei/packages/utils/.eslintrc.cjs
Error: Cannot find module '@modular/config/eslint/base'
Require stack:
- /mnt/d/wei/packages/utils/.eslintrc.cjs
- /home/weidu/.cache/wei-virtual-store/@eslint+eslintrc@2.1.4/node_modules/@eslint/eslintrc/dist/eslintrc.cjs
- /home/weidu/.cache/wei-virtual-store/eslint@8.57.1/node_modules/eslint/lib/cli-engine/cli-engine.js
- /home/weidu/.cache/wei-virtual-store/eslint@8.57.1/node_modules/eslint/lib/eslint/eslint.js
- /home/weidu/.cache/wei-virtual-store/eslint@8.57.1/node_modules/eslint/lib/eslint/index.js
- /home/weidu/.cache/wei-virtual-store/eslint@8.57.1/node_modules/eslint/lib/cli.js
- /home/weidu/.cache/wei-virtual-store/eslint@8.57.1/node_modules/eslint/bin/eslint.js
    at Module._resolveFilename (node:internal/modules/cjs/loader:1420:15)
    at require.resolve (node:internal/modules/helpers:163:19)
    at Object.<anonymous> (/mnt/d/wei/packages/utils/.eslintrc.cjs:3:21)
    at Module._compile (node:internal/modules/cjs/loader:1760:14)
    at Object..js (node:internal/modules/cjs/loader:1892:10)
    at Module.load (node:internal/modules/cjs/loader:1480:32)
    at Module._load (node:internal/modules/cjs/loader:1299:12)
    at TracingChannel.traceSync (node:diagnostics_channel:328:14)
    at wrapModuleLoad (node:internal/modules/cjs/loader:245:24)
    at Module.require (node:internal/modules/cjs/loader:1503:12)
 ELIFECYCLE  Command failed with exit code 2.
