
> @modular/api@0.1.0 lint D:\wei\apps\api
> eslint src test --ext .ts


D:\wei\apps\api\src\common\guards\gql-auth.guard.ts
  34:25  warning  Unexpected any. Specify a different type  @typescript-eslint/no-explicit-any
  35:10  warning  Unexpected any. Specify a different type  @typescript-eslint/no-explicit-any
  36:11  warning  Unexpected any. Specify a different type  @typescript-eslint/no-explicit-any
  37:11  warning  Unexpected any. Specify a different type  @typescript-eslint/no-explicit-any
  39:15  warning  Unexpected any. Specify a different type  @typescript-eslint/no-explicit-any

D:\wei\apps\api\src\graphql\graphql.module.ts
   88:9   warning  Unexpected any. Specify a different type  @typescript-eslint/no-explicit-any
   89:9   warning  Unexpected any. Specify a different type  @typescript-eslint/no-explicit-any
   90:11  warning  Unexpected any. Specify a different type  @typescript-eslint/no-explicit-any
  200:73  warning  Unexpected any. Specify a different type  @typescript-eslint/no-explicit-any

D:\wei\apps\api\src\graphql\resolvers\news-events.resolver.ts
   55:10  warning  Unexpected any. Specify a different type  @typescript-eslint/no-explicit-any
   78:29  warning  Unexpected any. Specify a different type  @typescript-eslint/no-explicit-any
  105:34  warning  Unexpected any. Specify a different type  @typescript-eslint/no-explicit-any

D:\wei\apps\api\src\graphql\resolvers\news-indicator.resolver.ts
   71:35  warning  Unexpected any. Specify a different type  @typescript-eslint/no-explicit-any
  104:32  warning  Unexpected any. Specify a different type  @typescript-eslint/no-explicit-any

D:\wei\apps\api\src\modules\alerts\providers\entity-sentiment-metric.provider.ts
  304:38  warning  Unexpected any. Specify a different type  @typescript-eslint/no-explicit-any

D:\wei\apps\api\src\modules\auth\auth.service.spec.ts
  136:28  warning  Caution: `bcrypt` also has a named export `hash`. Check if you meant to write `import {hash} from 'bcrypt'` instead  import/no-named-as-default-member
  168:28  warning  Caution: `bcrypt` also has a named export `hash`. Check if you meant to write `import {hash} from 'bcrypt'` instead  import/no-named-as-default-member
  206:28  warning  Caution: `bcrypt` also has a named export `hash`. Check if you meant to write `import {hash} from 'bcrypt'` instead  import/no-named-as-default-member
  249:28  warning  Caution: `bcrypt` also has a named export `hash`. Check if you meant to write `import {hash} from 'bcrypt'` instead  import/no-named-as-default-member
  275:28  warning  Caution: `bcrypt` also has a named export `hash`. Check if you meant to write `import {hash} from 'bcrypt'` instead  import/no-named-as-default-member
  309:28  warning  Caution: `bcrypt` also has a named export `hash`. Check if you meant to write `import {hash} from 'bcrypt'` instead  import/no-named-as-default-member
  365:24  warning  Caution: `bcrypt` also has a named export `hash`. Check if you meant to write `import {hash} from 'bcrypt'` instead  import/no-named-as-default-member
  405:24  warning  Caution: `bcrypt` also has a named export `hash`. Check if you meant to write `import {hash} from 'bcrypt'` instead  import/no-named-as-default-member
  440:24  warning  Caution: `bcrypt` also has a named export `hash`. Check if you meant to write `import {hash} from 'bcrypt'` instead  import/no-named-as-default-member
  488:24  warning  Caution: `bcrypt` also has a named export `hash`. Check if you meant to write `import {hash} from 'bcrypt'` instead  import/no-named-as-default-member
  533:29  warning  Caution: `bcrypt` also has a named export `hash`. Check if you meant to write `import {hash} from 'bcrypt'` instead  import/no-named-as-default-member
  581:27  warning  Caution: `bcrypt` also has a named export `hash`. Check if you meant to write `import {hash} from 'bcrypt'` instead  import/no-named-as-default-member

D:\wei\apps\api\src\modules\auth\auth.service.ts
  213:33  warning  Caution: `bcrypt` also has a named export `compare`. Check if you meant to write `import {compare} from 'bcrypt'` instead  import/no-named-as-default-member
  264:29  warning  Caution: `bcrypt` also has a named export `hash`. Check if you meant to write `import {hash} from 'bcrypt'` instead        import/no-named-as-default-member
  407:31  warning  Caution: `bcrypt` also has a named export `compare`. Check if you meant to write `import {compare} from 'bcrypt'` instead  import/no-named-as-default-member

D:\wei\apps\api\src\modules\crawl\crawl-result.service.ts
  433:103  warning  Unexpected any. Specify a different type  @typescript-eslint/no-explicit-any

D:\wei\apps\api\src\modules\email\email.service.ts
  51:24  warning  Caution: `nodemailer` also has a named export `createTransport`. Check if you meant to write `import {createTransport} from 'nodemailer'` instead  import/no-named-as-default-member

D:\wei\apps\api\src\modules\model-service\model-service.client.ts
  265:40  warning  Unexpected any. Specify a different type  @typescript-eslint/no-explicit-any
  265:81  warning  Unexpected any. Specify a different type  @typescript-eslint/no-explicit-any
  281:42  warning  Unexpected any. Specify a different type  @typescript-eslint/no-explicit-any

D:\wei\apps\api\src\modules\situation-monitor\situation-monitor-feedback.service.ts
  192:59  warning  Unexpected any. Specify a different type  @typescript-eslint/no-explicit-any
  193:59  warning  Unexpected any. Specify a different type  @typescript-eslint/no-explicit-any
  194:30  warning  Unexpected any. Specify a different type  @typescript-eslint/no-explicit-any
  196:34  warning  Unexpected any. Specify a different type  @typescript-eslint/no-explicit-any
  197:52  warning  Unexpected any. Specify a different type  @typescript-eslint/no-explicit-any
  198:52  warning  Unexpected any. Specify a different type  @typescript-eslint/no-explicit-any
  199:54  warning  Unexpected any. Specify a different type  @typescript-eslint/no-explicit-any
  200:21  warning  Unexpected any. Specify a different type  @typescript-eslint/no-explicit-any

✖ 43 problems (0 errors, 43 warnings)

